
> pharmaguard-frontend@0.1.0 build
> vite build

[36mvite v5.4.21 [32mbuilding for production...[36m[39m
transforming...
[32mΓ£ô[39m 98 modules transformed.
rendering chunks...
computing gzip size...
[2mdist/[22m[32mindex.html                 [39m[1m[2m  1.16 kB[22m[1m[22m[2m Γöé gzip:  0.66 kB[22m
[2mdist/[22m[35massets/index-C7X6HMgQ.css  [39m[1m[2m 22.12 kB[22m[1m[22m[2m Γöé gzip:  4.41 kB[22m
[2mdist/[22m[36massets/index-B6iSFpU0.js   [39m[1m[2m307.06 kB[22m[1m[22m[2m Γöé gzip: 92.32 kB[22m
[32mΓ£ô built in 1.97s[39m
